Archive member included to satisfy reference by file (symbol)

d:/program files/avrstudio/7.0/toolchain/avr8/avr8-gnu-toolchain/bin/../lib/gcc/avr/5.4.0/avr5\libgcc.a(_exit.o)
                              D:/Program Files/AVRStudio/7.0/Packs/Atmel/ATmega_DFP/1.6.364/gcc/dev/atmega328pb/avr5/crtatmega328pb.o (exit)
d:/program files/avrstudio/7.0/toolchain/avr8/avr8-gnu-toolchain/bin/../lib/gcc/avr/5.4.0/avr5\libgcc.a(_copy_data.o)
                              main.o (__do_copy_data)
d:/program files/avrstudio/7.0/toolchain/avr8/avr8-gnu-toolchain/bin/../lib/gcc/avr/5.4.0/avr5\libgcc.a(_clear_bss.o)
                              main.o (__do_clear_bss)
D:/Program Files/AVRStudio/7.0/Packs/Atmel/ATmega_DFP/1.6.364/gcc/dev/atmega328pb/avr5\libatmega328pb.a(eerd_byte.o)
                              main.o (eeprom_read_byte)

Discarded input sections

 .data          0x00000000        0x0 D:/Program Files/AVRStudio/7.0/Packs/Atmel/ATmega_DFP/1.6.364/gcc/dev/atmega328pb/avr5/crtatmega328pb.o
 .bss           0x00000000        0x0 D:/Program Files/AVRStudio/7.0/Packs/Atmel/ATmega_DFP/1.6.364/gcc/dev/atmega328pb/avr5/crtatmega328pb.o
 .text          0x00000000        0x0 main.o
 .data          0x00000000        0x0 main.o
 .bss           0x00000000        0x0 main.o
 .data.Lazer_1mm
                0x00000000        0x8 main.o
 .data.Lazer_01mm
                0x00000000        0x8 main.o
 .data.Lazer_1c
                0x00000000        0x8 main.o
 .data.Lazer_5g
                0x00000000        0x8 main.o
 .data.Lazer_10g
                0x00000000        0x8 main.o
 .data.Lazer_20g
                0x00000000        0x8 main.o
 .data.Lazer_one_zam
                0x00000000        0x7 main.o
 .data.Lazer_shtd
                0x00000000        0x7 main.o
 .data.Lazer_adress
                0x00000000        0x8 main.o
 .data.Lazer_start_off
                0x00000000        0x8 main.o
 .data.Lazer_start_on
                0x00000000        0x8 main.o
 .data.Lazer_5m
                0x00000000        0x8 main.o
 .data.Lazer_10m
                0x00000000        0x8 main.o
 .data.Lazer_30m
                0x00000000        0x8 main.o
 .data.Lazer_50m
                0x00000000        0x8 main.o
 .data.Lazer_80m
                0x00000000        0x8 main.o
 .data.Lazer_dal_min
                0x00000000        0x9 main.o
 .data.Lazer_dal_pl
                0x00000000        0x9 main.o
 .data.Lazer_top
                0x00000000        0x8 main.o
 .data.Lazer_back
                0x00000000        0x8 main.o
 .data.Lazer_one_zam_broad
                0x00000000        0x7 main.o
 .data.Lazer_cash
                0x00000000        0x7 main.o
 .data.Lazer_close
                0x00000000        0x8 main.o
 .data.Lazer_open
                0x00000000        0x8 main.o
 .bss.i         0x00000000        0x1 main.o
 .bss.incomingByte
                0x00000000        0x1 main.o
 .bss.idx       0x00000000        0x1 main.o
 .bss.op_mode   0x00000000        0x1 main.o
 .bss.receivedDataPtrUSB
                0x00000000        0x2 main.o
 .text          0x00000000        0x0 d:/program files/avrstudio/7.0/toolchain/avr8/avr8-gnu-toolchain/bin/../lib/gcc/avr/5.4.0/avr5\libgcc.a(_exit.o)
 .data          0x00000000        0x0 d:/program files/avrstudio/7.0/toolchain/avr8/avr8-gnu-toolchain/bin/../lib/gcc/avr/5.4.0/avr5\libgcc.a(_exit.o)
 .bss           0x00000000        0x0 d:/program files/avrstudio/7.0/toolchain/avr8/avr8-gnu-toolchain/bin/../lib/gcc/avr/5.4.0/avr5\libgcc.a(_exit.o)
 .text.libgcc.mul
                0x00000000        0x0 d:/program files/avrstudio/7.0/toolchain/avr8/avr8-gnu-toolchain/bin/../lib/gcc/avr/5.4.0/avr5\libgcc.a(_exit.o)
 .text.libgcc.div
                0x00000000        0x0 d:/program files/avrstudio/7.0/toolchain/avr8/avr8-gnu-toolchain/bin/../lib/gcc/avr/5.4.0/avr5\libgcc.a(_exit.o)
 .text.libgcc   0x00000000        0x0 d:/program files/avrstudio/7.0/toolchain/avr8/avr8-gnu-toolchain/bin/../lib/gcc/avr/5.4.0/avr5\libgcc.a(_exit.o)
 .text.libgcc.prologue
                0x00000000        0x0 d:/program files/avrstudio/7.0/toolchain/avr8/avr8-gnu-toolchain/bin/../lib/gcc/avr/5.4.0/avr5\libgcc.a(_exit.o)
 .text.libgcc.builtins
                0x00000000        0x0 d:/program files/avrstudio/7.0/toolchain/avr8/avr8-gnu-toolchain/bin/../lib/gcc/avr/5.4.0/avr5\libgcc.a(_exit.o)
 .text.libgcc.fmul
                0x00000000        0x0 d:/program files/avrstudio/7.0/toolchain/avr8/avr8-gnu-toolchain/bin/../lib/gcc/avr/5.4.0/avr5\libgcc.a(_exit.o)
 .text.libgcc.fixed
                0x00000000        0x0 d:/program files/avrstudio/7.0/toolchain/avr8/avr8-gnu-toolchain/bin/../lib/gcc/avr/5.4.0/avr5\libgcc.a(_exit.o)
 .text          0x00000000        0x0 d:/program files/avrstudio/7.0/toolchain/avr8/avr8-gnu-toolchain/bin/../lib/gcc/avr/5.4.0/avr5\libgcc.a(_copy_data.o)
 .data          0x00000000        0x0 d:/program files/avrstudio/7.0/toolchain/avr8/avr8-gnu-toolchain/bin/../lib/gcc/avr/5.4.0/avr5\libgcc.a(_copy_data.o)
 .bss           0x00000000        0x0 d:/program files/avrstudio/7.0/toolchain/avr8/avr8-gnu-toolchain/bin/../lib/gcc/avr/5.4.0/avr5\libgcc.a(_copy_data.o)
 .text.libgcc.mul
                0x00000000        0x0 d:/program files/avrstudio/7.0/toolchain/avr8/avr8-gnu-toolchain/bin/../lib/gcc/avr/5.4.0/avr5\libgcc.a(_copy_data.o)
 .text.libgcc.div
                0x00000000        0x0 d:/program files/avrstudio/7.0/toolchain/avr8/avr8-gnu-toolchain/bin/../lib/gcc/avr/5.4.0/avr5\libgcc.a(_copy_data.o)
 .text.libgcc   0x00000000        0x0 d:/program files/avrstudio/7.0/toolchain/avr8/avr8-gnu-toolchain/bin/../lib/gcc/avr/5.4.0/avr5\libgcc.a(_copy_data.o)
 .text.libgcc.prologue
                0x00000000        0x0 d:/program files/avrstudio/7.0/toolchain/avr8/avr8-gnu-toolchain/bin/../lib/gcc/avr/5.4.0/avr5\libgcc.a(_copy_data.o)
 .text.libgcc.builtins
                0x00000000        0x0 d:/program files/avrstudio/7.0/toolchain/avr8/avr8-gnu-toolchain/bin/../lib/gcc/avr/5.4.0/avr5\libgcc.a(_copy_data.o)
 .text.libgcc.fmul
                0x00000000        0x0 d:/program files/avrstudio/7.0/toolchain/avr8/avr8-gnu-toolchain/bin/../lib/gcc/avr/5.4.0/avr5\libgcc.a(_copy_data.o)
 .text.libgcc.fixed
                0x00000000        0x0 d:/program files/avrstudio/7.0/toolchain/avr8/avr8-gnu-toolchain/bin/../lib/gcc/avr/5.4.0/avr5\libgcc.a(_copy_data.o)
 .text          0x00000000        0x0 d:/program files/avrstudio/7.0/toolchain/avr8/avr8-gnu-toolchain/bin/../lib/gcc/avr/5.4.0/avr5\libgcc.a(_clear_bss.o)
 .data          0x00000000        0x0 d:/program files/avrstudio/7.0/toolchain/avr8/avr8-gnu-toolchain/bin/../lib/gcc/avr/5.4.0/avr5\libgcc.a(_clear_bss.o)
 .bss           0x00000000        0x0 d:/program files/avrstudio/7.0/toolchain/avr8/avr8-gnu-toolchain/bin/../lib/gcc/avr/5.4.0/avr5\libgcc.a(_clear_bss.o)
 .text.libgcc.mul
                0x00000000        0x0 d:/program files/avrstudio/7.0/toolchain/avr8/avr8-gnu-toolchain/bin/../lib/gcc/avr/5.4.0/avr5\libgcc.a(_clear_bss.o)
 .text.libgcc.div
                0x00000000        0x0 d:/program files/avrstudio/7.0/toolchain/avr8/avr8-gnu-toolchain/bin/../lib/gcc/avr/5.4.0/avr5\libgcc.a(_clear_bss.o)
 .text.libgcc   0x00000000        0x0 d:/program files/avrstudio/7.0/toolchain/avr8/avr8-gnu-toolchain/bin/../lib/gcc/avr/5.4.0/avr5\libgcc.a(_clear_bss.o)
 .text.libgcc.prologue
                0x00000000        0x0 d:/program files/avrstudio/7.0/toolchain/avr8/avr8-gnu-toolchain/bin/../lib/gcc/avr/5.4.0/avr5\libgcc.a(_clear_bss.o)
 .text.libgcc.builtins
                0x00000000        0x0 d:/program files/avrstudio/7.0/toolchain/avr8/avr8-gnu-toolchain/bin/../lib/gcc/avr/5.4.0/avr5\libgcc.a(_clear_bss.o)
 .text.libgcc.fmul
                0x00000000        0x0 d:/program files/avrstudio/7.0/toolchain/avr8/avr8-gnu-toolchain/bin/../lib/gcc/avr/5.4.0/avr5\libgcc.a(_clear_bss.o)
 .text.libgcc.fixed
                0x00000000        0x0 d:/program files/avrstudio/7.0/toolchain/avr8/avr8-gnu-toolchain/bin/../lib/gcc/avr/5.4.0/avr5\libgcc.a(_clear_bss.o)
 .text          0x00000000        0x0 D:/Program Files/AVRStudio/7.0/Packs/Atmel/ATmega_DFP/1.6.364/gcc/dev/atmega328pb/avr5\libatmega328pb.a(eerd_byte.o)
 .data          0x00000000        0x0 D:/Program Files/AVRStudio/7.0/Packs/Atmel/ATmega_DFP/1.6.364/gcc/dev/atmega328pb/avr5\libatmega328pb.a(eerd_byte.o)
 .bss           0x00000000        0x0 D:/Program Files/AVRStudio/7.0/Packs/Atmel/ATmega_DFP/1.6.364/gcc/dev/atmega328pb/avr5\libatmega328pb.a(eerd_byte.o)

Memory Configuration

Name             Origin             Length             Attributes
text             0x00000000         0x00008000         xr
data             0x00800100         0x00000800         rw !x
eeprom           0x00810000         0x00000400         rw !x
fuse             0x00820000         0x00000003         rw !x
lock             0x00830000         0x00000400         rw !x
signature        0x00840000         0x00000400         rw !x
user_signatures  0x00850000         0x00000400         rw !x
*default*        0x00000000         0xffffffff

Linker script and memory map

Address of section .data set to 0x800100
LOAD D:/Program Files/AVRStudio/7.0/Packs/Atmel/ATmega_DFP/1.6.364/gcc/dev/atmega328pb/avr5/crtatmega328pb.o
LOAD main.o
START GROUP
LOAD d:/program files/avrstudio/7.0/toolchain/avr8/avr8-gnu-toolchain/bin/../lib/gcc/avr/5.4.0/../../../../avr/lib/avr5\libm.a
END GROUP
LOAD d:/program files/avrstudio/7.0/toolchain/avr8/avr8-gnu-toolchain/bin/../lib/gcc/avr/5.4.0/avr5\libgcc.a
LOAD d:/program files/avrstudio/7.0/toolchain/avr8/avr8-gnu-toolchain/bin/../lib/gcc/avr/5.4.0/../../../../avr/lib/avr5\libm.a
START GROUP
LOAD d:/program files/avrstudio/7.0/toolchain/avr8/avr8-gnu-toolchain/bin/../lib/gcc/avr/5.4.0/avr5\libgcc.a
LOAD d:/program files/avrstudio/7.0/toolchain/avr8/avr8-gnu-toolchain/bin/../lib/gcc/avr/5.4.0/../../../../avr/lib/avr5\libm.a
LOAD d:/program files/avrstudio/7.0/toolchain/avr8/avr8-gnu-toolchain/bin/../lib/gcc/avr/5.4.0/../../../../avr/lib/avr5\libc.a
LOAD D:/Program Files/AVRStudio/7.0/Packs/Atmel/ATmega_DFP/1.6.364/gcc/dev/atmega328pb/avr5\libatmega328pb.a
END GROUP
                [0x00000000]                __TEXT_REGION_ORIGIN__ = DEFINED (__TEXT_REGION_ORIGIN__)?__TEXT_REGION_ORIGIN__:0x0
                [0x00800100]                __DATA_REGION_ORIGIN__ = DEFINED (__DATA_REGION_ORIGIN__)?__DATA_REGION_ORIGIN__:0x800060
                [0x00008000]                __TEXT_REGION_LENGTH__ = DEFINED (__TEXT_REGION_LENGTH__)?__TEXT_REGION_LENGTH__:0x20000
                [0x00000800]                __DATA_REGION_LENGTH__ = DEFINED (__DATA_REGION_LENGTH__)?__DATA_REGION_LENGTH__:0xffa0
                [0x00000400]                __EEPROM_REGION_LENGTH__ = DEFINED (__EEPROM_REGION_LENGTH__)?__EEPROM_REGION_LENGTH__:0x10000
                [0x00000003]                __FUSE_REGION_LENGTH__ = DEFINED (__FUSE_REGION_LENGTH__)?__FUSE_REGION_LENGTH__:0x400
                0x00000400                __LOCK_REGION_LENGTH__ = DEFINED (__LOCK_REGION_LENGTH__)?__LOCK_REGION_LENGTH__:0x400
                0x00000400                __SIGNATURE_REGION_LENGTH__ = DEFINED (__SIGNATURE_REGION_LENGTH__)?__SIGNATURE_REGION_LENGTH__:0x400
                0x00000400                __USER_SIGNATURE_REGION_LENGTH__ = DEFINED (__USER_SIGNATURE_REGION_LENGTH__)?__USER_SIGNATURE_REGION_LENGTH__:0x400

.hash
 *(.hash)

.dynsym
 *(.dynsym)

.dynstr
 *(.dynstr)

.gnu.version
 *(.gnu.version)

.gnu.version_d
 *(.gnu.version_d)

.gnu.version_r
 *(.gnu.version_r)

.rel.init
 *(.rel.init)

.rela.init
 *(.rela.init)

.rel.text
 *(.rel.text)
 *(.rel.text.*)
 *(.rel.gnu.linkonce.t*)

.rela.text
 *(.rela.text)
 *(.rela.text.*)
 *(.rela.gnu.linkonce.t*)

.rel.fini
 *(.rel.fini)

.rela.fini
 *(.rela.fini)

.rel.rodata
 *(.rel.rodata)
 *(.rel.rodata.*)
 *(.rel.gnu.linkonce.r*)

.rela.rodata
 *(.rela.rodata)
 *(.rela.rodata.*)
 *(.rela.gnu.linkonce.r*)

.rel.data
 *(.rel.data)
 *(.rel.data.*)
 *(.rel.gnu.linkonce.d*)

.rela.data
 *(.rela.data)
 *(.rela.data.*)
 *(.rela.gnu.linkonce.d*)

.rel.ctors
 *(.rel.ctors)

.rela.ctors
 *(.rela.ctors)

.rel.dtors
 *(.rel.dtors)

.rela.dtors
 *(.rela.dtors)

.rel.got
 *(.rel.got)

.rela.got
 *(.rela.got)

.rel.bss
 *(.rel.bss)

.rela.bss
 *(.rela.bss)

.rel.plt
 *(.rel.plt)

.rela.plt
 *(.rela.plt)

.text           0x00000000      0x6ce
 *(.vectors)
 .vectors       0x00000000       0xb4 D:/Program Files/AVRStudio/7.0/Packs/Atmel/ATmega_DFP/1.6.364/gcc/dev/atmega328pb/avr5/crtatmega328pb.o
                0x00000000                __vector_default
                0x00000000                __vectors
 *(.vectors)
 *(.progmem.gcc*)
                0x000000b4                . = ALIGN (0x2)
                0x000000b4                __trampolines_start = .
 *(.trampolines)
 .trampolines   0x000000b4        0x0 linker stubs
 *(.trampolines*)
                0x000000b4                __trampolines_end = .
 *libprintf_flt.a:*(.progmem.data)
 *libc.a:*(.progmem.data)
 *(.progmem*)
                0x000000b4                . = ALIGN (0x2)
 *(.jumptables)
 *(.jumptables*)
 *(.lowtext)
 *(.lowtext*)
                0x000000b4                __ctors_start = .
 *(.ctors)
                0x000000b4                __ctors_end = .
                0x000000b4                __dtors_start = .
 *(.dtors)
                0x000000b4                __dtors_end = .
 SORT(*)(.ctors)
 SORT(*)(.dtors)
 *(.init0)
 .init0         0x000000b4        0x0 D:/Program Files/AVRStudio/7.0/Packs/Atmel/ATmega_DFP/1.6.364/gcc/dev/atmega328pb/avr5/crtatmega328pb.o
                0x000000b4                __init
 *(.init0)
 *(.init1)
 *(.init1)
 *(.init2)
 .init2         0x000000b4        0xc D:/Program Files/AVRStudio/7.0/Packs/Atmel/ATmega_DFP/1.6.364/gcc/dev/atmega328pb/avr5/crtatmega328pb.o
 *(.init2)
 *(.init3)
 *(.init3)
 *(.init4)
 .init4         0x000000c0       0x16 d:/program files/avrstudio/7.0/toolchain/avr8/avr8-gnu-toolchain/bin/../lib/gcc/avr/5.4.0/avr5\libgcc.a(_copy_data.o)
                0x000000c0                __do_copy_data
 .init4         0x000000d6       0x10 d:/program files/avrstudio/7.0/toolchain/avr8/avr8-gnu-toolchain/bin/../lib/gcc/avr/5.4.0/avr5\libgcc.a(_clear_bss.o)
                0x000000d6                __do_clear_bss
 *(.init4)
 *(.init5)
 *(.init5)
 *(.init6)
 *(.init6)
 *(.init7)
 *(.init7)
 *(.init8)
 *(.init8)
 *(.init9)
 .init9         0x000000e6        0x4 D:/Program Files/AVRStudio/7.0/Packs/Atmel/ATmega_DFP/1.6.364/gcc/dev/atmega328pb/avr5/crtatmega328pb.o
 *(.init9)
 *(.text)
 .text          0x000000ea        0x2 D:/Program Files/AVRStudio/7.0/Packs/Atmel/ATmega_DFP/1.6.364/gcc/dev/atmega328pb/avr5/crtatmega328pb.o
                0x000000ea                __vector_38
                0x000000ea                __vector_22
                0x000000ea                __vector_1
                0x000000ea                __vector_32
                0x000000ea                __vector_34
                0x000000ea                __vector_24
                0x000000ea                __vector_12
                0x000000ea                __bad_interrupt
                0x000000ea                __vector_6
                0x000000ea                __vector_31
                0x000000ea                __vector_35
                0x000000ea                __vector_39
                0x000000ea                __vector_3
                0x000000ea                __vector_23
                0x000000ea                __vector_30
                0x000000ea                __vector_25
                0x000000ea                __vector_11
                0x000000ea                __vector_13
                0x000000ea                __vector_17
                0x000000ea                __vector_7
                0x000000ea                __vector_41
                0x000000ea                __vector_43
                0x000000ea                __vector_27
                0x000000ea                __vector_5
                0x000000ea                __vector_33
                0x000000ea                __vector_37
                0x000000ea                __vector_4
                0x000000ea                __vector_44
                0x000000ea                __vector_9
                0x000000ea                __vector_2
                0x000000ea                __vector_21
                0x000000ea                __vector_15
                0x000000ea                __vector_36
                0x000000ea                __vector_40
                0x000000ea                __vector_8
                0x000000ea                __vector_26
                0x000000ea                __vector_14
                0x000000ea                __vector_10
                0x000000ea                __vector_16
                0x000000ea                __vector_18
                0x000000ea                __vector_20
                0x000000ea                __vector_42
                0x000000ec                . = ALIGN (0x2)
 *(.text.*)
 .text._Z13UART_SendDataPhh
                0x000000ec       0x4c main.o
                0x000000ec                _Z13UART_SendDataPhh
 .text._Z16UART_SendDataUSBPhh
                0x00000138       0x4c main.o
                0x00000138                _Z16UART_SendDataUSBPhh
 .text._Z16UART_ReceiveDataPhh
                0x00000184       0x4c main.o
                0x00000184                _Z16UART_ReceiveDataPhh
 .text.main     0x000001d0      0x1f6 main.o
                0x000001d0                main
 .text.__vector_29
                0x000003c6       0x92 main.o
                0x000003c6                __vector_29
 .text.__vector_19
                0x00000458       0x92 main.o
                0x00000458                __vector_19
 .text.__vector_28
                0x000004ea      0x1d0 main.o
                0x000004ea                __vector_28
 .text.avr-libc
                0x000006ba       0x10 D:/Program Files/AVRStudio/7.0/Packs/Atmel/ATmega_DFP/1.6.364/gcc/dev/atmega328pb/avr5\libatmega328pb.a(eerd_byte.o)
                0x000006ba                eeprom_read_byte
                0x000006ca                . = ALIGN (0x2)
 *(.fini9)
 .fini9         0x000006ca        0x0 d:/program files/avrstudio/7.0/toolchain/avr8/avr8-gnu-toolchain/bin/../lib/gcc/avr/5.4.0/avr5\libgcc.a(_exit.o)
                0x000006ca                _exit
                0x000006ca                exit
 *(.fini9)
 *(.fini8)
 *(.fini8)
 *(.fini7)
 *(.fini7)
 *(.fini6)
 *(.fini6)
 *(.fini5)
 *(.fini5)
 *(.fini4)
 *(.fini4)
 *(.fini3)
 *(.fini3)
 *(.fini2)
 *(.fini2)
 *(.fini1)
 *(.fini1)
 *(.fini0)
 .fini0         0x000006ca        0x4 d:/program files/avrstudio/7.0/toolchain/avr8/avr8-gnu-toolchain/bin/../lib/gcc/avr/5.4.0/avr5\libgcc.a(_exit.o)
 *(.fini0)
                0x000006ce                _etext = .

.data           0x00800100       0x64 load address 0x000006ce
                0x00800100                PROVIDE (__data_start, .)
 *(.data)
 *(.data*)
 .data.Lazer_0c
                0x00800100        0x8 main.o
                0x00800100                Lazer_0c
 .data.Lazer_1g
                0x00800108        0x8 main.o
                0x00800108                Lazer_1g
 .data.Lazer_nepr_zam
                0x00800110        0x7 main.o
                0x00800110                Lazer_nepr_zam
 .data.Zapros_one_zam_one
                0x00800117        0x8 main.o
                0x00800117                Zapros_one_zam_one
 .data.Zapros_nepr_zam_one
                0x0080011f        0x8 main.o
                0x0080011f                Zapros_nepr_zam_one
 .data.Zapros_number_one
                0x00800127        0xc main.o
                0x00800127                Zapros_number_one
 .data.Zapros_save_one
                0x00800133        0x8 main.o
                0x00800133                Zapros_save_one
 .data.Zapros_one_zam_two
                0x0080013b        0x9 main.o
                0x0080013b                Zapros_one_zam_two
 .data.Zapros_nepr_zam_two
                0x00800144        0x9 main.o
                0x00800144                Zapros_nepr_zam_two
 .data.Zapros_number_two
                0x0080014d        0xd main.o
                0x0080014d                Zapros_number_two
 .data.Zapros_save_two
                0x0080015a        0x9 main.o
                0x0080015a                Zapros_save_two
 *(.gnu.linkonce.d*)
 *(.rodata)
 *(.rodata*)
 *(.gnu.linkonce.r*)
                0x00800164                . = ALIGN (0x2)
 *fill*         0x00800163        0x1 
                0x00800164                _edata = .
                0x00800164                PROVIDE (__data_end, .)

.bss            0x00800164       0x27
                0x00800164                PROVIDE (__bss_start, .)
 *(.bss)
 *(.bss*)
 .bss.Otvet_Lazer
                0x00800164        0xc main.o
                0x00800164                Otvet_Lazer
 .bss.Otvet_Lazer_TXT
                0x00800170        0x9 main.o
                0x00800170                Otvet_Lazer_TXT
 .bss.j         0x00800179        0x1 main.o
                0x00800179                j
 .bss.num_dal   0x0080017a        0x1 main.o
                0x0080017a                num_dal
 .bss.Error_j   0x0080017b        0x1 main.o
                0x0080017b                Error_j
 .bss.readyToExchange
                0x0080017c        0x1 main.o
                0x0080017c                readyToExchange
 .bss.readyToExchangeUSB
                0x0080017d        0x1 main.o
                0x0080017d                readyToExchangeUSB
 .bss.readyToExchangeRec
                0x0080017e        0x1 main.o
                0x0080017e                readyToExchangeRec
 .bss.numOfDataToSend
                0x0080017f        0x1 main.o
                0x0080017f                numOfDataToSend
 .bss.numOfDataToSendUSB
                0x00800180        0x1 main.o
                0x00800180                numOfDataToSendUSB
 .bss.numOfDataToReceive
                0x00800181        0x1 main.o
                0x00800181                numOfDataToReceive
 .bss.sendDataPtr
                0x00800182        0x2 main.o
                0x00800182                sendDataPtr
 .bss.sendDataPtrUSB
                0x00800184        0x2 main.o
                0x00800184                sendDataPtrUSB
 .bss.receivedDataPtr
                0x00800186        0x2 main.o
                0x00800186                receivedDataPtr
 .bss.numOfDataSended
                0x00800188        0x1 main.o
                0x00800188                numOfDataSended
 .bss.numOfDataSendedUSB
                0x00800189        0x1 main.o
                0x00800189                numOfDataSendedUSB
 .bss.numOfDataReceived
                0x0080018a        0x1 main.o
                0x0080018a                numOfDataReceived
 *(COMMON)
                0x0080018b                PROVIDE (__bss_end, .)
                0x000006ce                __data_load_start = LOADADDR (.data)
                0x00000732                __data_load_end = (__data_load_start + SIZEOF (.data))

.noinit         0x0080018b        0x0
                [!provide]                PROVIDE (__noinit_start, .)
 *(.noinit*)
                [!provide]                PROVIDE (__noinit_end, .)
                0x0080018b                _end = .
                [!provide]                PROVIDE (__heap_start, .)

.eeprom         0x00810000        0x2
 *(.eeprom*)
 .eeprom        0x00810000        0x2 main.o
                0x00810000                num_dal_addr
                0x00810001                op_mode_addr
                0x00810002                __eeprom_end = .

.fuse
 *(.fuse)
 *(.lfuse)
 *(.hfuse)
 *(.efuse)

.lock
 *(.lock*)

.signature
 *(.signature*)

.user_signatures
 *(.user_signatures*)

.stab
 *(.stab)

.stabstr
 *(.stabstr)

.stab.excl
 *(.stab.excl)

.stab.exclstr
 *(.stab.exclstr)

.stab.index
 *(.stab.index)

.stab.indexstr
 *(.stab.indexstr)

.comment        0x00000000       0x30
 *(.comment)
 .comment       0x00000000       0x30 main.o
                                 0x31 (size before relaxing)

.note.gnu.avr.deviceinfo
                0x00000000       0x40
 .note.gnu.avr.deviceinfo
                0x00000000       0x40 D:/Program Files/AVRStudio/7.0/Packs/Atmel/ATmega_DFP/1.6.364/gcc/dev/atmega328pb/avr5/crtatmega328pb.o

.note.gnu.build-id
 *(.note.gnu.build-id)

.debug
 *(.debug)

.line
 *(.line)

.debug_srcinfo
 *(.debug_srcinfo)

.debug_sfnames
 *(.debug_sfnames)

.debug_aranges  0x00000000       0x70
 *(.debug_aranges)
 .debug_aranges
                0x00000000       0x50 main.o
 .debug_aranges
                0x00000050       0x20 D:/Program Files/AVRStudio/7.0/Packs/Atmel/ATmega_DFP/1.6.364/gcc/dev/atmega328pb/avr5\libatmega328pb.a(eerd_byte.o)

.debug_pubnames
 *(.debug_pubnames)

.debug_info     0x00000000      0xfc0
 *(.debug_info .gnu.linkonce.wi.*)
 .debug_info    0x00000000      0x8ea D:/Program Files/AVRStudio/7.0/Packs/Atmel/ATmega_DFP/1.6.364/gcc/dev/atmega328pb/avr5/crtatmega328pb.o
 .debug_info    0x000008ea      0x63b main.o
 .debug_info    0x00000f25       0x9b D:/Program Files/AVRStudio/7.0/Packs/Atmel/ATmega_DFP/1.6.364/gcc/dev/atmega328pb/avr5\libatmega328pb.a(eerd_byte.o)

.debug_abbrev   0x00000000      0x980
 *(.debug_abbrev)
 .debug_abbrev  0x00000000      0x86e D:/Program Files/AVRStudio/7.0/Packs/Atmel/ATmega_DFP/1.6.364/gcc/dev/atmega328pb/avr5/crtatmega328pb.o
 .debug_abbrev  0x0000086e       0xfe main.o
 .debug_abbrev  0x0000096c       0x14 D:/Program Files/AVRStudio/7.0/Packs/Atmel/ATmega_DFP/1.6.364/gcc/dev/atmega328pb/avr5\libatmega328pb.a(eerd_byte.o)

.debug_line     0x00000000      0x5a9
 *(.debug_line .debug_line.* .debug_line_end)
 .debug_line    0x00000000      0x1a6 D:/Program Files/AVRStudio/7.0/Packs/Atmel/ATmega_DFP/1.6.364/gcc/dev/atmega328pb/avr5/crtatmega328pb.o
 .debug_line    0x000001a6      0x389 main.o
 .debug_line    0x0000052f       0x7a D:/Program Files/AVRStudio/7.0/Packs/Atmel/ATmega_DFP/1.6.364/gcc/dev/atmega328pb/avr5\libatmega328pb.a(eerd_byte.o)

.debug_frame    0x00000000      0x178
 *(.debug_frame)
 .debug_frame   0x00000000      0x178 main.o

.debug_str      0x00000000      0x877
 *(.debug_str)
 .debug_str     0x00000000      0x318 D:/Program Files/AVRStudio/7.0/Packs/Atmel/ATmega_DFP/1.6.364/gcc/dev/atmega328pb/avr5/crtatmega328pb.o
 .debug_str     0x00000318      0x55f main.o
                                0x598 (size before relaxing)

.debug_loc      0x00000000      0x323
 *(.debug_loc)
 .debug_loc     0x00000000      0x323 main.o

.debug_macinfo
 *(.debug_macinfo)

.debug_weaknames
 *(.debug_weaknames)

.debug_funcnames
 *(.debug_funcnames)

.debug_typenames
 *(.debug_typenames)

.debug_varnames
 *(.debug_varnames)

.debug_pubtypes
 *(.debug_pubtypes)

.debug_ranges   0x00000000       0x40
 *(.debug_ranges)
 .debug_ranges  0x00000000       0x40 main.o

.debug_macro
 *(.debug_macro)
OUTPUT(Dalnomer_2UART.elf elf32-avr)
LOAD linker stubs
